Microchip MPLAB XC8 Compiler V2.10 ()

Linker command line:

-W-3 --edf=C:\Program Files (x86)\Microchip\xc8\v2.10\pic\dat\en_msgs.txt \
  -cs -h+dist/default/production\MASTERR_I2C.X.production.sym \
  --cmf=dist/default/production\MASTERR_I2C.X.production.cmf -z -Q16F887 \
  -oC:\Users\50254\AppData\Local\Temp\sdj4.2 --defsym=__MPLAB_BUILD=1 \
  -Mdist/default/production/MASTERR_I2C.X.production.map -E1 -ver=XC8 \
  --acfsm=1493 -ASTACK=0110h-016Fh -pstack=STACK -ACODE=00h-07FFhx4 \
  -ASTRCODE=00h-01FFFh -ASTRING=00h-0FFhx32 -ACONST=00h-0FFhx32 \
  -AENTRY=00h-0FFhx32 -ACOMMON=070h-07Fh -ABANK0=020h-06Fh \
  -ABANK1=0A0h-0EFh -ABANK2=0110h-016Fh -ABANK3=0190h-01EFh \
  -ARAM=020h-06Fh,0A0h-0EFh,0110h-016Fh,0190h-01EFh \
  -AABS1=020h-07Fh,0A0h-0EFh,0110h-016Fh,0190h-01EFh -ASFR0=00h-01Fh \
  -ASFR1=080h-09Fh -ASFR2=0100h-010Fh -ASFR3=0180h-018Fh \
  -preset_vec=00h,intentry,init,end_init -ppowerup=CODE -pcinit=CODE \
  -pfunctab=ENTRY -ACONFIG=02007h-02008h -pconfig=CONFIG -DCONFIG=2 \
  -AIDLOC=02000h-02003h -pidloc=IDLOC -DIDLOC=2 -AEEDATA=00h-0FFh/02100h \
  -peeprom_data=EEDATA -DEEDATA=2 -DCODE=2 -DSTRCODE=2 -DSTRING=2 -DCONST=2 \
  -DENTRY=2 -k C:\Users\50254\AppData\Local\Temp\sdj4.o \
  dist/default/production\MASTERR_I2C.X.production.o 

Object code version is 3.11

Machine type is 16F887



                Name                               Link     Load   Length Selector   Space Scale
C:\Users\50254\AppData\Local\Temp\sdj4.o
                end_init                              0        0        3        0       0
                config                             2007     2007        2     400E       0
dist/default/production\MASTERR_I2C.X.production.o
                cinit                               7EB      7EB       15      FD6       0
                text28                              C68      C68       66     18D0       0
                text27                              B57      B57       38     16AE       0
                text26                              9BB      9BB        D     1376       0
                text25                              B29      B29       2E     1652       0
                text24                              996      996        9     132C       0
                text23                              99F      99F        9     133E       0
                text22                              9A8      9A8        9     1350       0
                text21                              9B1      9B1        A     1362       0
                text20                              CCE      CCE       67     199C       0
                text19                              C0D      C0D       5B     181A       0
                text18                              E23      E23      1DD     1C46       0
                text17                              A87      A87       27     150E       0
                text16                               C4       C4      361      188       0
                text15                              DA7      DA7       7C     1B4E       0
                text14                                A        A       BA       14       0
                text13                              BC9      BC9       44     1792       0
                text12                              B8F      B8F       3A     171E       0
                text11                              D35      D35       72     1A6A       0
                text10                              A3B      A3B       26     1476       0
                text9                               9C8      9C8        F     1390       0
                text8                               AAE      AAE       29     155C       0
                text7                               9D7      9D7       12     13AE       0
                text6                               9E9      9E9       12     13D2       0
                text5                               A61      A61       26     14C2       0
                text4                               AD7      AD7       29     15AE       0
                text3                               A1A      A1A       21     1434       0
                text2                               425      425      3C6      84A       0
                text1                               9FB      9FB       1F     13F6       0
                maintext                            B00      B00       29     1600       0
                cstackBANK0                          20       20       38       20       1
                cstackCOMMON                         70       70        E       70       1
                clrtext                             98E      98E        8     131C       0
                bssBANK1                             A0       A0       3A       A0       1
                bssBANK0                             58       58       17       20       1
                strings                             800      800       28     1000       0

TOTAL           Name                               Link     Load   Length     Space
        CLASS   STACK          

        CLASS   CODE           
                end_init                              0        0        3         0
                cinit                               7EB      7EB       15         0
                text28                              C68      C68       66         0
                text27                              B57      B57       38         0
                text26                              9BB      9BB        D         0
                text25                              B29      B29       2E         0
                text24                              996      996        9         0
                text23                              99F      99F        9         0
                text22                              9A8      9A8        9         0
                text21                              9B1      9B1        A         0
                text20                              CCE      CCE       67         0
                text19                              C0D      C0D       5B         0
                text18                              E23      E23      1DD         0
                text17                              A87      A87       27         0
                text16                               C4       C4      361         0
                text15                              DA7      DA7       7C         0
                text14                                A        A       BA         0
                text13                              BC9      BC9       44         0
                text12                              B8F      B8F       3A         0
                text11                              D35      D35       72         0
                text10                              A3B      A3B       26         0
                text9                               9C8      9C8        F         0
                text8                               AAE      AAE       29         0
                text7                               9D7      9D7       12         0
                text6                               9E9      9E9       12         0
                text5                               A61      A61       26         0
                text4                               AD7      AD7       29         0
                text3                               A1A      A1A       21         0
                text2                               425      425      3C6         0
                text1                               9FB      9FB       1F         0
                maintext                            B00      B00       29         0
                clrtext                             98E      98E        8         0

        CLASS   STRCODE        

        CLASS   STRING         
                strings                             800      800       28         0

        CLASS   CONST          

        CLASS   ENTRY          

        CLASS   COMMON         
                cstackCOMMON                         70       70        E         1

        CLASS   BANK0          
                cstackBANK0                          20       20       38         1
                bssBANK0                             58       58       17         1

        CLASS   BANK1          
                bssBANK1                             A0       A0       3A         1

        CLASS   BANK2          

        CLASS   BANK3          

        CLASS   RAM            

        CLASS   ABS1           
                abs_s1                               7E       7E        2         1

        CLASS   SFR0           

        CLASS   SFR1           

        CLASS   SFR2           

        CLASS   SFR3           

        CLASS   CONFIG         
                config                             2007     2007        2         0

        CLASS   IDLOC          

        CLASS   EEDATA         



SEGMENTS        Name                           Load    Length   Top    Selector   Space  Class     Delta

                reset_vec                      000000  000003  000003         0       0  CODE        2
                text14                         00000A  0000BA  0000C4        14       0  CODE        2
                cstackBANK0                    000020  00004F  00006F        20       1  BANK0       1
                cstackCOMMON                   000070  00000E  00007E        70       1  COMMON      1
                bssBANK1                       0000A0  00003A  0000DA        A0       1  BANK1       1
                text16                         0000C4  000361  000425       188       0  CODE        2
                text2                          000425  0003C6  0007EB       84A       0  CODE        2
                cinit                          0007EB  000015  000800       FD6       0  CODE        2
                strings                        000800  000028  000828      1000       0  STRING      2
                clrtext                        00098E  000008  000996      131C       0  CODE        2
                text24                         000996  000009  00099F      132C       0  CODE        2
                text23                         00099F  000009  0009A8      133E       0  CODE        2
                text22                         0009A8  000009  0009B1      1350       0  CODE        2
                text21                         0009B1  00000A  0009BB      1362       0  CODE        2
                text26                         0009BB  00000D  0009C8      1376       0  CODE        2
                text9                          0009C8  00000F  0009D7      1390       0  CODE        2
                text7                          0009D7  000012  0009E9      13AE       0  CODE        2
                text6                          0009E9  000012  0009FB      13D2       0  CODE        2
                text1                          0009FB  00001F  000A1A      13F6       0  CODE        2
                text3                          000A1A  000021  000A3B      1434       0  CODE        2
                text10                         000A3B  000026  000A61      1476       0  CODE        2
                text5                          000A61  000026  000A87      14C2       0  CODE        2
                text17                         000A87  000027  000AAE      150E       0  CODE        2
                text8                          000AAE  000029  000AD7      155C       0  CODE        2
                text4                          000AD7  000029  000B00      15AE       0  CODE        2
                maintext                       000B00  000029  000B29      1600       0  CODE        2
                text25                         000B29  00002E  000B57      1652       0  CODE        2
                text27                         000B57  000038  000B8F      16AE       0  CODE        2
                text12                         000B8F  00003A  000BC9      171E       0  CODE        2
                text13                         000BC9  000044  000C0D      1792       0  CODE        2
                text19                         000C0D  00005B  000C68      181A       0  CODE        2
                text28                         000C68  000066  000CCE      18D0       0  CODE        2
                text20                         000CCE  000067  000D35      199C       0  CODE        2
                text11                         000D35  000072  000DA7      1A6A       0  CODE        2
                text15                         000DA7  00007C  000E23      1B4E       0  CODE        2
                text18                         000E23  0001DD  001000      1C46       0  CODE        2
                config                         002007  000002  002009      400E       0  CONFIG      2


UNUSED ADDRESS RANGES

        Name                Unused          Largest block    Delta
        BANK0            006F-006F              1           1
        BANK1            00DA-00EF             16           1
        BANK2            0110-016F             60           1
        BANK3            0190-01EF             60           1
        CODE             0003-0009              7           2
                         0828-098D            166
                         1000-1FFF            800
        CONST            0003-0009              7           2
                         0828-098D             D8
                         1000-1FFF            100
        EEDATA           2100-21FF            100           2
        ENTRY            0003-0009              7           2
                         0828-098D             D8
                         1000-1FFF            100
        IDLOC            2000-2003              4           2
        RAM              006F-006F              1           1
                         00DA-00EF             16
                         0110-016F             60
                         0190-01EF             60
        SFR0             0000-001F             20           1
        SFR1             0080-009F             20           1
        SFR2             0100-010F             10           1
        SFR3             0180-018F             10           1
        STACK            0110-016F             60           1
        STRCODE          0003-0009              7           2
                         0828-098D            166
                         1000-1FFF           1000
        STRING           0003-0009              7           2
                         0828-098D             D8
                         1000-1FFF            100

                                  Symbol Table

?_I2C_Master_Read                  cstackCOMMON 0070
?__Umul8_16                        cstackCOMMON 0070
?___awdiv                          cstackCOMMON 0070
?___awmod                          cstackCOMMON 0079
?___fldiv                          cstackBANK0  003A
?___flmul                          cstackBANK0  0020
?___fltol                          cstackBANK0  003A
?___lldiv                          cstackCOMMON 0070
?___lwdiv                          cstackCOMMON 0070
?___lwmod                          cstackCOMMON 0070
?___xxtofl                         cstackCOMMON 0070
I2C_INIT@c                         cstackBANK0  0020
I2C_Master_Read@a                  cstackCOMMON 0070
I2C_Master_Read@temp               cstackCOMMON 0074
I2C_Master_Write@d                 cstackCOMMON 0070
_ADCA_CHARA                        bssBANK1     00B7
_ADCB_CHARB                        bssBANK1     00B2
_ADCC_CHARC                        bssBANK1     00AD
_ADC_1_A                           bssBANK0     005C
_ADC_1_B                           bssBANK0     005A
_ADC_A                             bssBANK0     0058
_CONTADOR                          bssBANK0     006D
_CONTD                             bssBANK0     0062
_CONTD_CHAR                        bssBANK1     00C1
_CONTU                             bssBANK0     0060
_CONTU_CHAR                        bssBANK1     00BC
_DC1                               bssBANK0     005E
_DC2                               bssBANK0     006A
_GIE                               (abs)        005F
_I2C_INIT                          text27       0B57
_I2C_Master_Read                   text25       0B29
_I2C_Master_RepeatedStart          text24       0996
_I2C_Master_Start                  text23       099F
_I2C_Master_Stop                   text22       09A8
_I2C_Master_Wait                   text26       09BB
_I2C_Master_Write                  text21       09B1
_LOOP                              text2        0425
_LUZA_CHARA                        bssBANK1     00D5
_LUZB_CHARB                        bssBANK1     00D0
_LUZC_CHARC                        bssBANK1     00CB
_LUZ_1_A                           bssBANK0     0068
_LUZ_1_B                           bssBANK0     0066
_LUZ_A                             bssBANK0     0064
_PEIE                              (abs)        005E
_POINTERA                          bssBANK1     00A8
_POINTERB                          bssBANK1     00C6
_PORTA                             (abs)        0005
_PORTB                             (abs)        0006
_PORTC                             (abs)        0007
_PORTD                             (abs)        0008
_PORTE                             (abs)        0009
_RCEN                              (abs)        048B
_RD5                               (abs)        0045
_RD6                               (abs)        0046
_RD7                               (abs)        0047
_SSPADD                            (abs)        0093
_SSPBUF                            (abs)        0013
_SSPCON                            (abs)        0014
_SSPCON2                           (abs)        0091
_SSPCON2bits                       (abs)        0091
_SSPIE                             (abs)        0463
_SSPIF                             (abs)        0063
_SSPSTAT                           (abs)        0094
_TRISA                             (abs)        0085
_TRISB                             (abs)        0086
_TRISC                             (abs)        0087
_TRISC3                            (abs)        043B
_TRISC4                            (abs)        043C
_TRISCbits                         (abs)        0087
_TRISD                             (abs)        0088
_TRISE                             (abs)        0089
__CFG_BOR4V$BOR40V                 (abs)        0000
__CFG_BOREN$OFF                    (abs)        0000
__CFG_CP$OFF                       (abs)        0000
__CFG_CPD$OFF                      (abs)        0000
__CFG_FCMEN$OFF                    (abs)        0000
__CFG_FOSC$HS                      (abs)        0000
__CFG_IESO$OFF                     (abs)        0000
__CFG_LVP$OFF                      (abs)        0000
__CFG_MCLRE$OFF                    (abs)        0000
__CFG_PWRTE$OFF                    (abs)        0000
__CFG_WDTE$OFF                     (abs)        0000
__CFG_WRT$OFF                      (abs)        0000
__Habs1                            abs1         0000
__Hbank0                           bank0        0000
__Hbank1                           bank1        0000
__Hbank2                           bank2        0000
__Hbank3                           bank3        0000
__HbssBANK0                        bssBANK0     0000
__HbssBANK1                        bssBANK1     0000
__Hcinit                           cinit        0800
__Hclrtext                         clrtext      0000
__Hcode                            code         0000
__Hcommon                          common       0000
__Hconfig                          config       2009
__HcstackBANK0                     cstackBANK0  0000
__HcstackCOMMON                    cstackCOMMON 0000
__Heeprom_data                     eeprom_data  0000
__Hend_init                        end_init     0003
__Hfunctab                         functab      0000
__Hidloc                           idloc        0000
__Hinit                            init         0000
__Hintentry                        intentry     0000
__Hmaintext                        maintext     0000
__Hpowerup                         powerup      0000
__Hram                             ram          0000
__Hreset_vec                       reset_vec    0000
__Hsfr0                            sfr0         0000
__Hsfr1                            sfr1         0000
__Hsfr2                            sfr2         0000
__Hsfr3                            sfr3         0000
__Hspace_0                         (abs)        2009
__Hspace_1                         (abs)        00DA
__Hspace_2                         (abs)        0000
__Hspace_3                         (abs)        0000
__Hstack                           stack        0000
__Hstrings                         strings      0000
__Htext                            text         0000
__Labs1                            abs1         0000
__Lbank0                           bank0        0000
__Lbank1                           bank1        0000
__Lbank2                           bank2        0000
__Lbank3                           bank3        0000
__LbssBANK0                        bssBANK0     0000
__LbssBANK1                        bssBANK1     0000
__Lcinit                           cinit        07EB
__Lclrtext                         clrtext      0000
__Lcode                            code         0000
__Lcommon                          common       0000
__Lconfig                          config       2007
__LcstackBANK0                     cstackBANK0  0000
__LcstackCOMMON                    cstackCOMMON 0000
__Leeprom_data                     eeprom_data  0000
__Lend_init                        end_init     0000
__Lfunctab                         functab      0000
__Lidloc                           idloc        0000
__Linit                            init         0000
__Lintentry                        intentry     0000
__Lmaintext                        maintext     0000
__Lpowerup                         powerup      0000
__Lram                             ram          0000
__Lreset_vec                       reset_vec    0000
__Lsfr0                            sfr0         0000
__Lsfr1                            sfr1         0000
__Lsfr2                            sfr2         0000
__Lsfr3                            sfr3         0000
__Lspace_0                         (abs)        0000
__Lspace_1                         (abs)        0000
__Lspace_2                         (abs)        0000
__Lspace_3                         (abs)        0000
__Lstack                           stack        0000
__Lstrings                         strings      0000
__Ltext                            text         0000
__S0                               (abs)        2009
__S1                               (abs)        00DA
__S2                               (abs)        0000
__S3                               (abs)        0000
__Umul8_16                         text17       0A87
__Umul8_16@multiplicand            cstackCOMMON 0070
__Umul8_16@multiplier              cstackCOMMON 0078
__Umul8_16@product                 cstackCOMMON 0074
__Umul8_16@word_mpld               cstackCOMMON 0076
___awdiv                           text20       0CCE
___awdiv@counter                   cstackCOMMON 0075
___awdiv@dividend                  cstackCOMMON 0072
___awdiv@divisor                   cstackCOMMON 0070
___awdiv@quotient                  cstackCOMMON 0077
___awdiv@sign                      cstackCOMMON 0076
___awmod                           text19       0C0D
___awmod@counter                   cstackBANK0  0020
___awmod@dividend                  cstackCOMMON 007B
___awmod@divisor                   cstackCOMMON 0079
___awmod@sign                      cstackBANK0  0021
___fldiv                           text18       0E23
___fldiv@a                         cstackBANK0  003A
___fldiv@aexp                      cstackBANK0  0053
___fldiv@b                         cstackBANK0  003E
___fldiv@bexp                      cstackBANK0  0052
___fldiv@grs                       cstackBANK0  004E
___fldiv@new_exp                   cstackBANK0  004C
___fldiv@rem                       cstackBANK0  0047
___fldiv@sign                      cstackBANK0  004B
___flmul                           text16       00C4
___flmul@a                         cstackBANK0  0024
___flmul@aexp                      cstackBANK0  0032
___flmul@b                         cstackBANK0  0020
___flmul@bexp                      cstackBANK0  0033
___flmul@grs                       cstackBANK0  002E
___flmul@prod                      cstackBANK0  0034
___flmul@sign                      cstackBANK0  002D
___flmul@temp                      cstackBANK0  0038
___fltol                           text15       0DA7
___fltol@exp1                      cstackBANK0  0044
___fltol@f1                        cstackBANK0  003A
___fltol@sign1                     cstackBANK0  0043
___int_sp                          stack        0000
___latbits                         (abs)        0002
___lldiv                           text28       0C68
___lldiv@counter                   cstackCOMMON 007D
___lldiv@dividend                  cstackCOMMON 0074
___lldiv@divisor                   cstackCOMMON 0070
___lldiv@quotient                  cstackCOMMON 0079
___lwdiv                           text13       0BC9
___lwdiv@counter                   cstackCOMMON 0077
___lwdiv@dividend                  cstackCOMMON 0072
___lwdiv@divisor                   cstackCOMMON 0070
___lwdiv@quotient                  cstackCOMMON 0075
___lwmod                           text12       0B8F
___lwmod@counter                   cstackCOMMON 0075
___lwmod@dividend                  cstackCOMMON 0072
___lwmod@divisor                   cstackCOMMON 0070
___sp                              stack        0000
___stackhi                         (abs)        0000
___stacklo                         (abs)        0000
___xxtofl                          text14       000A
___xxtofl@arg                      cstackCOMMON 007A
___xxtofl@exp                      cstackCOMMON 0079
___xxtofl@sign                     cstackCOMMON 0078
___xxtofl@val                      cstackCOMMON 0070
__end_of_I2C_INIT                  text27       0B8F
__end_of_I2C_Master_Read           text25       0B57
__end_of_I2C_Master_RepeatedStart  text24       099F
__end_of_I2C_Master_Start          text23       09A8
__end_of_I2C_Master_Stop           text22       09B1
__end_of_I2C_Master_Wait           text26       09C8
__end_of_I2C_Master_Write          text21       09BB
__end_of_LOOP                      text2        07EB
__end_of__Umul8_16                 text17       0AAE
__end_of___awdiv                   text20       0D35
__end_of___awmod                   text19       0C68
__end_of___fldiv                   text18       1000
__end_of___flmul                   text16       0425
__end_of___fltol                   text15       0E23
__end_of___lldiv                   text28       0CCE
__end_of___lwdiv                   text13       0C0D
__end_of___lwmod                   text12       0BC9
__end_of___xxtofl                  text14       00C4
__end_of__initialization           cinit        07FC
__end_of__stringtab                strings      0810
__end_of_inicializacion            text1        0A1A
__end_of_itoa                      text10       0A61
__end_of_lcd_cmd                   text7        09E9
__end_of_lcd_dwr                   text6        09FB
__end_of_lcd_lat                   text9        09D7
__end_of_lcd_msg                   text5        0A87
__end_of_lcd_ready                 text8        0AD7
__end_of_main                      maintext     0B29
__end_of_strcat                    text4        0B00
__end_of_strcpy                    text3        0A3B
__end_of_utoa                      text11       0DA7
__initialization                   cinit        07EB
__pbssBANK0                        bssBANK0     0058
__pbssBANK1                        bssBANK1     00A0
__pcstackBANK0                     cstackBANK0  0020
__pcstackCOMMON                    cstackCOMMON 0070
__pmaintext                        maintext     0B00
__pstrings                         strings      0800
__ptext1                           text1        09FB
__ptext10                          text10       0A3B
__ptext11                          text11       0D35
__ptext12                          text12       0B8F
__ptext13                          text13       0BC9
__ptext14                          text14       000A
__ptext15                          text15       0DA7
__ptext16                          text16       00C4
__ptext17                          text17       0A87
__ptext18                          text18       0E23
__ptext19                          text19       0C0D
__ptext2                           text2        0425
__ptext20                          text20       0CCE
__ptext21                          text21       09B1
__ptext22                          text22       09A8
__ptext23                          text23       099F
__ptext24                          text24       0996
__ptext25                          text25       0B29
__ptext26                          text26       09BB
__ptext27                          text27       0B57
__ptext28                          text28       0C68
__ptext3                           text3        0A1A
__ptext4                           text4        0AD7
__ptext5                           text5        0A61
__ptext6                           text6        09E9
__ptext7                           text7        09D7
__ptext8                           text8        0AAE
__ptext9                           text9        09C8
__size_of_I2C_INIT                 (abs)        0000
__size_of_I2C_Master_Read          (abs)        0000
__size_of_I2C_Master_RepeatedStart (abs)        0000
__size_of_I2C_Master_Start         (abs)        0000
__size_of_I2C_Master_Stop          (abs)        0000
__size_of_I2C_Master_Wait          (abs)        0000
__size_of_I2C_Master_Write         (abs)        0000
__size_of_LOOP                     (abs)        0000
__size_of__Umul8_16                (abs)        0000
__size_of___awdiv                  (abs)        0000
__size_of___awmod                  (abs)        0000
__size_of___fldiv                  (abs)        0000
__size_of___flmul                  (abs)        0000
__size_of___fltol                  (abs)        0000
__size_of___lldiv                  (abs)        0000
__size_of___lwdiv                  (abs)        0000
__size_of___lwmod                  (abs)        0000
__size_of___xxtofl                 (abs)        0000
__size_of_inicializacion           (abs)        0000
__size_of_itoa                     (abs)        0000
__size_of_lcd_cmd                  (abs)        0000
__size_of_lcd_dwr                  (abs)        0000
__size_of_lcd_lat                  (abs)        0000
__size_of_lcd_msg                  (abs)        0000
__size_of_lcd_ready                (abs)        0000
__size_of_main                     (abs)        0000
__size_of_strcat                   (abs)        0000
__size_of_strcpy                   (abs)        0000
__size_of_utoa                     (abs)        0000
__stringbase                       strings      080F
__stringtab                        strings      0800
_analogic_digital_a                bssBANK0     006E
_analogic_digital_b                bssBANK0     006C
_inicializacion                    text1        09FB
_itoa                              text10       0A3B
_lcd_cmd                           text7        09D7
_lcd_dwr                           text6        09E9
_lcd_lat                           text9        09C8
_lcd_msg                           text5        0A61
_lcd_ready                         text8        0AAE
_luz                               bssBANK1     00A0
_main                              maintext     0B00
_strcat                            text4        0AD7
_strcpy                            text3        0A1A
_utoa                              text11       0D35
_voltage                           bssBANK1     00A4
btemp                              (abs)        007E
clear_ram0                         clrtext      098E
end_of_initialization              cinit        07FC
intlevel0                          functab      0000
intlevel1                          functab      0000
intlevel2                          functab      0000
intlevel3                          functab      0000
intlevel4                          functab      0000
intlevel5                          functab      0000
itoa@base                          cstackBANK0  0026
itoa@buf                           cstackBANK0  0029
itoa@val                           cstackBANK0  0024
lcd_cmd@x                          cstackCOMMON 0072
lcd_dwr@x                          cstackCOMMON 0072
lcd_msg@c                          cstackCOMMON 0073
reset_vec                          reset_vec    0000
start                              init         0000
start_initialization               cinit        07EB
strcat@cp                          cstackCOMMON 0072
strcat@from                        cstackCOMMON 0070
strcat@to                          cstackCOMMON 0073
strcpy@cp                          cstackCOMMON 0072
strcpy@from                        cstackCOMMON 0070
strcpy@to                          cstackCOMMON 0073
utoa@base                          cstackCOMMON 007A
utoa@buf                           cstackBANK0  0023
utoa@c                             cstackBANK0  0022
utoa@v                             cstackBANK0  0020
utoa@val                           cstackCOMMON 0078
wtemp0                             (abs)        007E


FUNCTION INFORMATION:

 *************** function _main *****************
 Defined at:
		line 72 in file "MASTERR_I2C.c"
 Parameters:    Size  Location     Type
		None
 Auto vars:     Size  Location     Type
		None
 Return value:  Size  Location     Type
                  1    wreg      void 
 Registers used:
		wreg, fsr0l, fsr0h, status,2, status,0, btemp+1, pclath, cstack
 Tracked objects:
		On entry : 
		On exit  : 
		Unchanged: 
 Data sizes:     COMMON   BANK0   BANK1   BANK3   BANK2
      Params:         0       0       0       0       0
      Locals:         0       0       0       0       0
      Temps:          0       0       0       0       0
      Totals:         0       0       0       0       0
Total ram usage:        0 bytes
 Hardware stack levels required when called:    4
 This function calls:
		_I2C_INIT
		_LOOP
		_inicializacion
 This function is called by:
		Startup code after reset
 This function uses a non-reentrant model


 *************** function _inicializacion *****************
 Defined at:
		line 66 in file "PANTALLALCD.c"
 Parameters:    Size  Location     Type
		None
 Auto vars:     Size  Location     Type
		None
 Return value:  Size  Location     Type
                  1    wreg      void 
 Registers used:
		wreg, status,2, status,0, pclath, cstack
 Tracked objects:
		On entry : 
		On exit  : 
		Unchanged: 
 Data sizes:     COMMON   BANK0   BANK1   BANK3   BANK2
      Params:         0       0       0       0       0
      Locals:         0       0       0       0       0
      Temps:          0       0       0       0       0
      Totals:         0       0       0       0       0
Total ram usage:        0 bytes
 Hardware stack levels used:    1
 Hardware stack levels required when called:    2
 This function calls:
		_lcd_cmd
 This function is called by:
		_main
 This function uses a non-reentrant model


 *************** function _LOOP *****************
 Defined at:
		line 90 in file "MASTERR_I2C.c"
 Parameters:    Size  Location     Type
		None
 Auto vars:     Size  Location     Type
		None
 Return value:  Size  Location     Type
                  1    wreg      void 
 Registers used:
		wreg, fsr0l, fsr0h, status,2, status,0, btemp+1, pclath, cstack
 Tracked objects:
		On entry : 
		On exit  : 
		Unchanged: 
 Data sizes:     COMMON   BANK0   BANK1   BANK3   BANK2
      Params:         0       0       0       0       0
      Locals:         0       0       0       0       0
      Temps:          0       4       0       0       0
      Totals:         0       4       0       0       0
Total ram usage:        4 bytes
 Hardware stack levels used:    1
 Hardware stack levels required when called:    3
 This function calls:
		_I2C_Master_Read
		_I2C_Master_RepeatedStart
		_I2C_Master_Start
		_I2C_Master_Stop
		_I2C_Master_Write
		___awdiv
		___awmod
		___fldiv
		___flmul
		___fltol
		___xxtofl
		_itoa
		_lcd_cmd
		_lcd_msg
		_strcat
		_strcpy
 This function is called by:
		_main
 This function uses a non-reentrant model


 *************** function _strcpy *****************
 Defined at:
		line 8 in file "C:\Program Files (x86)\Microchip\xc8\v2.10\pic\sources\c90\common\strcpy.c"
 Parameters:    Size  Location     Type
  to              1    wreg     PTR unsigned char 
		 -> POINTERB(5), POINTERA(5), 
  from            1    0[COMMON] PTR const unsigned char 
		 -> STR_3(2), STR_2(2), 
 Auto vars:     Size  Location     Type
  to              1    3[COMMON] PTR unsigned char 
		 -> POINTERB(5), POINTERA(5), 
  cp              1    2[COMMON] PTR unsigned char 
		 -> POINTERB(5), POINTERA(5), 
 Return value:  Size  Location     Type
                  1    wreg      PTR unsigned char 
 Registers used:
		wreg, fsr0l, fsr0h, status,2, status,0, pclath
 Tracked objects:
		On entry : 
		On exit  : 
		Unchanged: 
 Data sizes:     COMMON   BANK0   BANK1   BANK3   BANK2
      Params:         1       0       0       0       0
      Locals:         2       0       0       0       0
      Temps:          1       0       0       0       0
      Totals:         4       0       0       0       0
Total ram usage:        4 bytes
 Hardware stack levels used:    2
 This function calls:
		Nothing
 This function is called by:
		_LOOP
 This function uses a non-reentrant model


 *************** function _strcat *****************
 Defined at:
		line 8 in file "C:\Program Files (x86)\Microchip\xc8\v2.10\pic\sources\c90\common\strcat.c"
 Parameters:    Size  Location     Type
  to              1    wreg     PTR unsigned char 
		 -> POINTERB(5), LUZC_CHARC(5), LUZB_CHARB(5), CONTD_CHAR(5), 
		 -> POINTERA(5), ADCC_CHARC(5), ADCB_CHARB(5), 
  from            1    0[COMMON] PTR const unsigned char 
		 -> POINTERB(5), LUZB_CHARB(5), LUZA_CHARA(5), CONTU_CHAR(5), 
		 -> POINTERA(5), ADCB_CHARB(5), ADCA_CHARA(5), 
 Auto vars:     Size  Location     Type
  to              1    3[COMMON] PTR unsigned char 
		 -> POINTERB(5), LUZC_CHARC(5), LUZB_CHARB(5), CONTD_CHAR(5), 
		 -> POINTERA(5), ADCC_CHARC(5), ADCB_CHARB(5), 
  cp              1    2[COMMON] PTR unsigned char 
		 -> POINTERB(5), LUZC_CHARC(5), LUZB_CHARB(5), CONTD_CHAR(5), 
		 -> POINTERA(5), ADCC_CHARC(5), ADCB_CHARB(5), 
 Return value:  Size  Location     Type
                  1    wreg      PTR unsigned char 
 Registers used:
		wreg, fsr0l, fsr0h, status,2, status,0
 Tracked objects:
		On entry : 
		On exit  : 
		Unchanged: 
 Data sizes:     COMMON   BANK0   BANK1   BANK3   BANK2
      Params:         1       0       0       0       0
      Locals:         2       0       0       0       0
      Temps:          1       0       0       0       0
      Totals:         4       0       0       0       0
Total ram usage:        4 bytes
 Hardware stack levels used:    1
 This function calls:
		Nothing
 This function is called by:
		_LOOP
 This function uses a non-reentrant model


 *************** function _lcd_msg *****************
 Defined at:
		line 60 in file "PANTALLALCD.c"
 Parameters:    Size  Location     Type
  c               2    3[COMMON] PTR unsigned char 
		 -> STR_6(2), STR_5(3), STR_4(4), LUZC_CHARC(5), 
		 -> CONTD_CHAR(5), ADCC_CHARC(5), STR_1(16), 
 Auto vars:     Size  Location     Type
		None
 Return value:  Size  Location     Type
                  1    wreg      void 
 Registers used:
		wreg, fsr0l, fsr0h, status,2, status,0, btemp+1, pclath, cstack
 Tracked objects:
		On entry : 
		On exit  : 
		Unchanged: 
 Data sizes:     COMMON   BANK0   BANK1   BANK3   BANK2
      Params:         2       0       0       0       0
      Locals:         0       0       0       0       0
      Temps:          0       0       0       0       0
      Totals:         2       0       0       0       0
Total ram usage:        2 bytes
 Hardware stack levels used:    1
 Hardware stack levels required when called:    2
 This function calls:
		_lcd_dwr
 This function is called by:
		_LOOP
 This function uses a non-reentrant model


 *************** function _lcd_dwr *****************
 Defined at:
		line 51 in file "PANTALLALCD.c"
 Parameters:    Size  Location     Type
  x               1    wreg     unsigned char 
 Auto vars:     Size  Location     Type
  x               1    2[COMMON] unsigned char 
 Return value:  Size  Location     Type
                  1    wreg      void 
 Registers used:
		wreg, status,2, status,0, pclath, cstack
 Tracked objects:
		On entry : 
		On exit  : 
		Unchanged: 
 Data sizes:     COMMON   BANK0   BANK1   BANK3   BANK2
      Params:         0       0       0       0       0
      Locals:         1       0       0       0       0
      Temps:          0       0       0       0       0
      Totals:         1       0       0       0       0
Total ram usage:        1 bytes
 Hardware stack levels used:    1
 Hardware stack levels required when called:    1
 This function calls:
		_lcd_lat
		_lcd_ready
 This function is called by:
		_lcd_msg
 This function uses a non-reentrant model


 *************** function _lcd_cmd *****************
 Defined at:
		line 18 in file "PANTALLALCD.c"
 Parameters:    Size  Location     Type
  x               1    wreg     unsigned char 
 Auto vars:     Size  Location     Type
  x               1    2[COMMON] unsigned char 
 Return value:  Size  Location     Type
                  1    wreg      void 
 Registers used:
		wreg, status,2, status,0, pclath, cstack
 Tracked objects:
		On entry : 
		On exit  : 
		Unchanged: 
 Data sizes:     COMMON   BANK0   BANK1   BANK3   BANK2
      Params:         0       0       0       0       0
      Locals:         1       0       0       0       0
      Temps:          0       0       0       0       0
      Totals:         1       0       0       0       0
Total ram usage:        1 bytes
 Hardware stack levels used:    1
 Hardware stack levels required when called:    1
 This function calls:
		_lcd_lat
		_lcd_ready
 This function is called by:
		_LOOP
		_inicializacion
 This function uses a non-reentrant model


 *************** function _lcd_ready *****************
 Defined at:
		line 33 in file "PANTALLALCD.c"
 Parameters:    Size  Location     Type
		None
 Auto vars:     Size  Location     Type
		None
 Return value:  Size  Location     Type
                  1    wreg      void 
 Registers used:
		wreg, status,2, status,0
 Tracked objects:
		On entry : 
		On exit  : 
		Unchanged: 
 Data sizes:     COMMON   BANK0   BANK1   BANK3   BANK2
      Params:         0       0       0       0       0
      Locals:         0       0       0       0       0
      Temps:          2       0       0       0       0
      Totals:         2       0       0       0       0
Total ram usage:        2 bytes
 Hardware stack levels used:    1
 This function calls:
		Nothing
 This function is called by:
		_lcd_cmd
		_lcd_dwr
 This function uses a non-reentrant model


 *************** function _lcd_lat *****************
 Defined at:
		line 27 in file "PANTALLALCD.c"
 Parameters:    Size  Location     Type
		None
 Auto vars:     Size  Location     Type
		None
 Return value:  Size  Location     Type
                  1    wreg      void 
 Registers used:
		wreg
 Tracked objects:
		On entry : 
		On exit  : 
		Unchanged: 
 Data sizes:     COMMON   BANK0   BANK1   BANK3   BANK2
      Params:         0       0       0       0       0
      Locals:         0       0       0       0       0
      Temps:          2       0       0       0       0
      Totals:         2       0       0       0       0
Total ram usage:        2 bytes
 Hardware stack levels used:    1
 This function calls:
		Nothing
 This function is called by:
		_lcd_cmd
		_lcd_dwr
 This function uses a non-reentrant model


 *************** function _itoa *****************
 Defined at:
		line 4 in file "C:\Program Files (x86)\Microchip\xc8\v2.10\pic\sources\c90\common\itoa.c"
 Parameters:    Size  Location     Type
  buf             1    wreg     PTR unsigned char 
		 -> LUZC_CHARC(5), LUZB_CHARB(5), LUZA_CHARA(5), CONTU_CHAR(5), 
		 -> CONTD_CHAR(5), ADCC_CHARC(5), ADCB_CHARB(5), ADCA_CHARA(5), 
  val             2    4[BANK0 ] int 
  base            2    6[BANK0 ] int 
 Auto vars:     Size  Location     Type
  buf             1    9[BANK0 ] PTR unsigned char 
		 -> LUZC_CHARC(5), LUZB_CHARB(5), LUZA_CHARA(5), CONTU_CHAR(5), 
		 -> CONTD_CHAR(5), ADCC_CHARC(5), ADCB_CHARB(5), ADCA_CHARA(5), 
  cp              1    0        PTR unsigned char 
		 -> LUZC_CHARC(5), LUZB_CHARB(5), LUZA_CHARA(5), CONTU_CHAR(5), 
		 -> CONTD_CHAR(5), ADCC_CHARC(5), ADCB_CHARB(5), ADCA_CHARA(5), 
 Return value:  Size  Location     Type
                  1    wreg      PTR unsigned char 
 Registers used:
		wreg, fsr0l, fsr0h, status,2, status,0, pclath, cstack
 Tracked objects:
		On entry : 
		On exit  : 
		Unchanged: 
 Data sizes:     COMMON   BANK0   BANK1   BANK3   BANK2
      Params:         0       4       0       0       0
      Locals:         0       2       0       0       0
      Temps:          1       0       0       0       0
      Totals:         1       6       0       0       0
Total ram usage:        7 bytes
 Hardware stack levels used:    1
 Hardware stack levels required when called:    2
 This function calls:
		_utoa
 This function is called by:
		_LOOP
 This function uses a non-reentrant model


 *************** function _utoa *****************
 Defined at:
		line 17 in file "C:\Program Files (x86)\Microchip\xc8\v2.10\pic\sources\c90\common\itoa.c"
 Parameters:    Size  Location     Type
  buf             1    wreg     PTR unsigned char 
		 -> LUZC_CHARC(5), LUZB_CHARB(5), LUZA_CHARA(5), CONTU_CHAR(5), 
		 -> CONTD_CHAR(5), ADCC_CHARC(5), ADCB_CHARB(5), ADCA_CHARA(5), 
  val             2    8[COMMON] unsigned int 
  base            2   10[COMMON] int 
 Auto vars:     Size  Location     Type
  buf             1    3[BANK0 ] PTR unsigned char 
		 -> LUZC_CHARC(5), LUZB_CHARB(5), LUZA_CHARA(5), CONTU_CHAR(5), 
		 -> CONTD_CHAR(5), ADCC_CHARC(5), ADCB_CHARB(5), ADCA_CHARA(5), 
  v               2    0[BANK0 ] unsigned int 
  c               1    2[BANK0 ] unsigned char 
 Return value:  Size  Location     Type
                  1    wreg      PTR unsigned char 
 Registers used:
		wreg, fsr0l, fsr0h, status,2, status,0, pclath, cstack
 Tracked objects:
		On entry : 
		On exit  : 
		Unchanged: 
 Data sizes:     COMMON   BANK0   BANK1   BANK3   BANK2
      Params:         4       0       0       0       0
      Locals:         0       4       0       0       0
      Temps:          1       0       0       0       0
      Totals:         5       4       0       0       0
Total ram usage:        9 bytes
 Hardware stack levels used:    1
 Hardware stack levels required when called:    1
 This function calls:
		___lwdiv
		___lwmod
 This function is called by:
		_itoa
 This function uses a non-reentrant model


 *************** function ___lwmod *****************
 Defined at:
		line 5 in file "C:\Program Files (x86)\Microchip\xc8\v2.10\pic\sources\c90\common\lwmod.c"
 Parameters:    Size  Location     Type
  divisor         2    0[COMMON] unsigned int 
  dividend        2    2[COMMON] unsigned int 
 Auto vars:     Size  Location     Type
  counter         1    5[COMMON] unsigned char 
 Return value:  Size  Location     Type
                  2    0[COMMON] unsigned int 
 Registers used:
		wreg, status,2, status,0
 Tracked objects:
		On entry : 
		On exit  : 
		Unchanged: 
 Data sizes:     COMMON   BANK0   BANK1   BANK3   BANK2
      Params:         4       0       0       0       0
      Locals:         1       0       0       0       0
      Temps:          1       0       0       0       0
      Totals:         6       0       0       0       0
Total ram usage:        6 bytes
 Hardware stack levels used:    1
 This function calls:
		Nothing
 This function is called by:
		_utoa
 This function uses a non-reentrant model


 *************** function ___lwdiv *****************
 Defined at:
		line 5 in file "C:\Program Files (x86)\Microchip\xc8\v2.10\pic\sources\c90\common\lwdiv.c"
 Parameters:    Size  Location     Type
  divisor         2    0[COMMON] unsigned int 
  dividend        2    2[COMMON] unsigned int 
 Auto vars:     Size  Location     Type
  quotient        2    5[COMMON] unsigned int 
  counter         1    7[COMMON] unsigned char 
 Return value:  Size  Location     Type
                  2    0[COMMON] unsigned int 
 Registers used:
		wreg, status,2, status,0
 Tracked objects:
		On entry : 
		On exit  : 
		Unchanged: 
 Data sizes:     COMMON   BANK0   BANK1   BANK3   BANK2
      Params:         4       0       0       0       0
      Locals:         3       0       0       0       0
      Temps:          1       0       0       0       0
      Totals:         8       0       0       0       0
Total ram usage:        8 bytes
 Hardware stack levels used:    1
 This function calls:
		Nothing
 This function is called by:
		_utoa
 This function uses a non-reentrant model


 *************** function ___xxtofl *****************
 Defined at:
		line 10 in file "C:\Program Files (x86)\Microchip\xc8\v2.10\pic\sources\c90\common\xxtofl.c"
 Parameters:    Size  Location     Type
  sign            1    wreg     unsigned char 
  val             4    0[COMMON] long 
 Auto vars:     Size  Location     Type
  sign            1    8[COMMON] unsigned char 
  arg             4   10[COMMON] unsigned long 
  exp             1    9[COMMON] unsigned char 
 Return value:  Size  Location     Type
                  4    0[COMMON] unsigned char 
 Registers used:
		wreg, status,2, status,0
 Tracked objects:
		On entry : 
		On exit  : 
		Unchanged: 
 Data sizes:     COMMON   BANK0   BANK1   BANK3   BANK2
      Params:         4       0       0       0       0
      Locals:         6       0       0       0       0
      Temps:          4       0       0       0       0
      Totals:        14       0       0       0       0
Total ram usage:       14 bytes
 Hardware stack levels used:    1
 This function calls:
		Nothing
 This function is called by:
		_LOOP
 This function uses a non-reentrant model


 *************** function ___fltol *****************
 Defined at:
		line 43 in file "C:\Program Files (x86)\Microchip\xc8\v2.10\pic\sources\c90\common\fltol.c"
 Parameters:    Size  Location     Type
  f1              4   26[BANK0 ] unsigned char 
 Auto vars:     Size  Location     Type
  exp1            1   36[BANK0 ] unsigned char 
  sign1           1   35[BANK0 ] unsigned char 
 Return value:  Size  Location     Type
                  4   26[BANK0 ] long 
 Registers used:
		wreg, status,2, status,0
 Tracked objects:
		On entry : 
		On exit  : 
		Unchanged: 
 Data sizes:     COMMON   BANK0   BANK1   BANK3   BANK2
      Params:         0       4       0       0       0
      Locals:         0       2       0       0       0
      Temps:          0       5       0       0       0
      Totals:         0      11       0       0       0
Total ram usage:       11 bytes
 Hardware stack levels used:    1
 This function calls:
		Nothing
 This function is called by:
		_LOOP
 This function uses a non-reentrant model


 *************** function ___flmul *****************
 Defined at:
		line 8 in file "C:\Program Files (x86)\Microchip\xc8\v2.10\pic\sources\c90\common\sprcmul.c"
 Parameters:    Size  Location     Type
  b               4    0[BANK0 ] long 
  a               4    4[BANK0 ] long 
 Auto vars:     Size  Location     Type
  prod            4   20[BANK0 ] struct .
  grs             4   14[BANK0 ] unsigned long 
  temp            2   24[BANK0 ] struct .
  bexp            1   19[BANK0 ] unsigned char 
  aexp            1   18[BANK0 ] unsigned char 
  sign            1   13[BANK0 ] unsigned char 
 Return value:  Size  Location     Type
                  4    0[BANK0 ] unsigned char 
 Registers used:
		wreg, status,2, status,0, btemp+1, pclath, cstack
 Tracked objects:
		On entry : 
		On exit  : 
		Unchanged: 
 Data sizes:     COMMON   BANK0   BANK1   BANK3   BANK2
      Params:         0       8       0       0       0
      Locals:         0      13       0       0       0
      Temps:          0       5       0       0       0
      Totals:         0      26       0       0       0
Total ram usage:       26 bytes
 Hardware stack levels used:    1
 Hardware stack levels required when called:    1
 This function calls:
		__Umul8_16
 This function is called by:
		_LOOP
 This function uses a non-reentrant model


 *************** function __Umul8_16 *****************
 Defined at:
		line 4 in file "C:\Program Files (x86)\Microchip\xc8\v2.10\pic\sources\c90\common\Umul8_16.c"
 Parameters:    Size  Location     Type
  multiplier      1    wreg     unsigned char 
  multiplicand    1    0[COMMON] unsigned char 
 Auto vars:     Size  Location     Type
  multiplier      1    8[COMMON] unsigned char 
  word_mpld       2    6[COMMON] unsigned int 
  product         2    4[COMMON] unsigned int 
 Return value:  Size  Location     Type
                  2    0[COMMON] unsigned int 
 Registers used:
		wreg, status,2, status,0
 Tracked objects:
		On entry : 
		On exit  : 
		Unchanged: 
 Data sizes:     COMMON   BANK0   BANK1   BANK3   BANK2
      Params:         2       0       0       0       0
      Locals:         5       0       0       0       0
      Temps:          2       0       0       0       0
      Totals:         9       0       0       0       0
Total ram usage:        9 bytes
 Hardware stack levels used:    1
 This function calls:
		Nothing
 This function is called by:
		___flmul
 This function uses a non-reentrant model


 *************** function ___fldiv *****************
 Defined at:
		line 8 in file "C:\Program Files (x86)\Microchip\xc8\v2.10\pic\sources\c90\common\sprcdiv.c"
 Parameters:    Size  Location     Type
  a               4   26[BANK0 ] unsigned int 
  b               4   30[BANK0 ] unsigned int 
 Auto vars:     Size  Location     Type
  grs             4   46[BANK0 ] unsigned long 
  rem             4   39[BANK0 ] unsigned long 
  new_exp         2   44[BANK0 ] int 
  aexp            1   51[BANK0 ] unsigned char 
  bexp            1   50[BANK0 ] unsigned char 
  sign            1   43[BANK0 ] unsigned char 
 Return value:  Size  Location     Type
                  4   26[BANK0 ] unsigned char 
 Registers used:
		wreg, status,2, status,0, btemp+1
 Tracked objects:
		On entry : 
		On exit  : 
		Unchanged: 
 Data sizes:     COMMON   BANK0   BANK1   BANK3   BANK2
      Params:         0       8       0       0       0
      Locals:         0      13       0       0       0
      Temps:          0       5       0       0       0
      Totals:         0      26       0       0       0
Total ram usage:       26 bytes
 Hardware stack levels used:    1
 This function calls:
		Nothing
 This function is called by:
		_LOOP
 This function uses a non-reentrant model


 *************** function ___awmod *****************
 Defined at:
		line 5 in file "C:\Program Files (x86)\Microchip\xc8\v2.10\pic\sources\c90\common\awmod.c"
 Parameters:    Size  Location     Type
  divisor         2    9[COMMON] int 
  dividend        2   11[COMMON] int 
 Auto vars:     Size  Location     Type
  sign            1    1[BANK0 ] unsigned char 
  counter         1    0[BANK0 ] unsigned char 
 Return value:  Size  Location     Type
                  2    9[COMMON] int 
 Registers used:
		wreg, status,2, status,0
 Tracked objects:
		On entry : 
		On exit  : 
		Unchanged: 
 Data sizes:     COMMON   BANK0   BANK1   BANK3   BANK2
      Params:         4       0       0       0       0
      Locals:         0       2       0       0       0
      Temps:          1       0       0       0       0
      Totals:         5       2       0       0       0
Total ram usage:        7 bytes
 Hardware stack levels used:    1
 This function calls:
		Nothing
 This function is called by:
		_LOOP
 This function uses a non-reentrant model


 *************** function ___awdiv *****************
 Defined at:
		line 5 in file "C:\Program Files (x86)\Microchip\xc8\v2.10\pic\sources\c90\common\awdiv.c"
 Parameters:    Size  Location     Type
  divisor         2    0[COMMON] int 
  dividend        2    2[COMMON] int 
 Auto vars:     Size  Location     Type
  quotient        2    7[COMMON] int 
  sign            1    6[COMMON] unsigned char 
  counter         1    5[COMMON] unsigned char 
 Return value:  Size  Location     Type
                  2    0[COMMON] int 
 Registers used:
		wreg, status,2, status,0
 Tracked objects:
		On entry : 
		On exit  : 
		Unchanged: 
 Data sizes:     COMMON   BANK0   BANK1   BANK3   BANK2
      Params:         4       0       0       0       0
      Locals:         4       0       0       0       0
      Temps:          1       0       0       0       0
      Totals:         9       0       0       0       0
Total ram usage:        9 bytes
 Hardware stack levels used:    1
 This function calls:
		Nothing
 This function is called by:
		_LOOP
 This function uses a non-reentrant model


 *************** function _I2C_Master_Write *****************
 Defined at:
		line 44 in file "I2C.c"
 Parameters:    Size  Location     Type
  d               2    0[COMMON] unsigned int 
 Auto vars:     Size  Location     Type
		None
 Return value:  Size  Location     Type
                  1    wreg      void 
 Registers used:
		wreg, status,2, status,0, pclath, cstack
 Tracked objects:
		On entry : 
		On exit  : 
		Unchanged: 
 Data sizes:     COMMON   BANK0   BANK1   BANK3   BANK2
      Params:         2       0       0       0       0
      Locals:         0       0       0       0       0
      Temps:          0       0       0       0       0
      Totals:         2       0       0       0       0
Total ram usage:        2 bytes
 Hardware stack levels used:    1
 Hardware stack levels required when called:    1
 This function calls:
		_I2C_Master_Wait
 This function is called by:
		_LOOP
 This function uses a non-reentrant model


 *************** function _I2C_Master_Stop *****************
 Defined at:
		line 35 in file "I2C.c"
 Parameters:    Size  Location     Type
		None
 Auto vars:     Size  Location     Type
		None
 Return value:  Size  Location     Type
                  1    wreg      void 
 Registers used:
		wreg, status,2, status,0, pclath, cstack
 Tracked objects:
		On entry : 
		On exit  : 
		Unchanged: 
 Data sizes:     COMMON   BANK0   BANK1   BANK3   BANK2
      Params:         0       0       0       0       0
      Locals:         0       0       0       0       0
      Temps:          0       0       0       0       0
      Totals:         0       0       0       0       0
Total ram usage:        0 bytes
 Hardware stack levels used:    1
 Hardware stack levels required when called:    1
 This function calls:
		_I2C_Master_Wait
 This function is called by:
		_LOOP
 This function uses a non-reentrant model


 *************** function _I2C_Master_Start *****************
 Defined at:
		line 21 in file "I2C.c"
 Parameters:    Size  Location     Type
		None
 Auto vars:     Size  Location     Type
		None
 Return value:  Size  Location     Type
                  1    wreg      void 
 Registers used:
		wreg, status,2, status,0, pclath, cstack
 Tracked objects:
		On entry : 
		On exit  : 
		Unchanged: 
 Data sizes:     COMMON   BANK0   BANK1   BANK3   BANK2
      Params:         0       0       0       0       0
      Locals:         0       0       0       0       0
      Temps:          0       0       0       0       0
      Totals:         0       0       0       0       0
Total ram usage:        0 bytes
 Hardware stack levels used:    1
 Hardware stack levels required when called:    1
 This function calls:
		_I2C_Master_Wait
 This function is called by:
		_LOOP
 This function uses a non-reentrant model


 *************** function _I2C_Master_RepeatedStart *****************
 Defined at:
		line 28 in file "I2C.c"
 Parameters:    Size  Location     Type
		None
 Auto vars:     Size  Location     Type
		None
 Return value:  Size  Location     Type
                  1    wreg      void 
 Registers used:
		wreg, status,2, status,0, pclath, cstack
 Tracked objects:
		On entry : 
		On exit  : 
		Unchanged: 
 Data sizes:     COMMON   BANK0   BANK1   BANK3   BANK2
      Params:         0       0       0       0       0
      Locals:         0       0       0       0       0
      Temps:          0       0       0       0       0
      Totals:         0       0       0       0       0
Total ram usage:        0 bytes
 Hardware stack levels used:    1
 Hardware stack levels required when called:    1
 This function calls:
		_I2C_Master_Wait
 This function is called by:
		_LOOP
 This function uses a non-reentrant model


 *************** function _I2C_Master_Read *****************
 Defined at:
		line 52 in file "I2C.c"
 Parameters:    Size  Location     Type
  a               2    0[COMMON] unsigned short 
 Auto vars:     Size  Location     Type
  temp            2    4[COMMON] unsigned short 
 Return value:  Size  Location     Type
                  2    0[COMMON] unsigned short 
 Registers used:
		wreg, status,2, status,0, pclath, cstack
 Tracked objects:
		On entry : 
		On exit  : 
		Unchanged: 
 Data sizes:     COMMON   BANK0   BANK1   BANK3   BANK2
      Params:         2       0       0       0       0
      Locals:         2       0       0       0       0
      Temps:          2       0       0       0       0
      Totals:         6       0       0       0       0
Total ram usage:        6 bytes
 Hardware stack levels used:    1
 Hardware stack levels required when called:    1
 This function calls:
		_I2C_Master_Wait
 This function is called by:
		_LOOP
 This function uses a non-reentrant model


 *************** function _I2C_Master_Wait *****************
 Defined at:
		line 15 in file "I2C.c"
 Parameters:    Size  Location     Type
		None
 Auto vars:     Size  Location     Type
		None
 Return value:  Size  Location     Type
                  1    wreg      void 
 Registers used:
		wreg, status,2
 Tracked objects:
		On entry : 
		On exit  : 
		Unchanged: 
 Data sizes:     COMMON   BANK0   BANK1   BANK3   BANK2
      Params:         0       0       0       0       0
      Locals:         0       0       0       0       0
      Temps:          0       0       0       0       0
      Totals:         0       0       0       0       0
Total ram usage:        0 bytes
 Hardware stack levels used:    1
 This function calls:
		Nothing
 This function is called by:
		_I2C_Master_Start
		_I2C_Master_RepeatedStart
		_I2C_Master_Stop
		_I2C_Master_Write
		_I2C_Master_Read
 This function uses a non-reentrant model


 *************** function _I2C_INIT *****************
 Defined at:
		line 5 in file "I2C.c"
 Parameters:    Size  Location     Type
  c               4    0[BANK0 ] const unsigned long 
 Auto vars:     Size  Location     Type
		None
 Return value:  Size  Location     Type
                  1    wreg      void 
 Registers used:
		wreg, status,2, status,0, pclath, cstack
 Tracked objects:
		On entry : 
		On exit  : 
		Unchanged: 
 Data sizes:     COMMON   BANK0   BANK1   BANK3   BANK2
      Params:         0       4       0       0       0
      Locals:         0       0       0       0       0
      Temps:          0       4       0       0       0
      Totals:         0       8       0       0       0
Total ram usage:        8 bytes
 Hardware stack levels used:    1
 Hardware stack levels required when called:    1
 This function calls:
		___lldiv
 This function is called by:
		_main
 This function uses a non-reentrant model


 *************** function ___lldiv *****************
 Defined at:
		line 5 in file "C:\Program Files (x86)\Microchip\xc8\v2.10\pic\sources\c90\common\__lldiv.c"
 Parameters:    Size  Location     Type
  divisor         4    0[COMMON] unsigned long 
  dividend        4    4[COMMON] unsigned long 
 Auto vars:     Size  Location     Type
  quotient        4    9[COMMON] unsigned long 
  counter         1   13[COMMON] unsigned char 
 Return value:  Size  Location     Type
                  4    0[COMMON] unsigned long 
 Registers used:
		wreg, status,2, status,0
 Tracked objects:
		On entry : 
		On exit  : 
		Unchanged: 
 Data sizes:     COMMON   BANK0   BANK1   BANK3   BANK2
      Params:         8       0       0       0       0
      Locals:         5       0       0       0       0
      Temps:          1       0       0       0       0
      Totals:        14       0       0       0       0
Total ram usage:       14 bytes
 Hardware stack levels used:    1
 This function calls:
		Nothing
 This function is called by:
		_I2C_INIT
 This function uses a non-reentrant model



MODULE INFORMATION

Module		Function		Class		Link	Load	Size
C:\Program Files (x86)\Microchip\xc8\v2.10\pic\sources\c90\common\lwdiv.c
		___lwdiv       		CODE           	0BC9	0000	69

C:\Program Files (x86)\Microchip\xc8\v2.10\pic\sources\c90\common\lwdiv.c estimated size: 69

C:\Program Files (x86)\Microchip\xc8\v2.10\pic\sources\c90\common\awdiv.c
		___awdiv       		CODE           	0CCE	0000	104

C:\Program Files (x86)\Microchip\xc8\v2.10\pic\sources\c90\common\awdiv.c estimated size: 104

C:\Program Files (x86)\Microchip\xc8\v2.10\pic\sources\c90\common\fltol.c
		___fltol       		CODE           	0DA7	0000	125

C:\Program Files (x86)\Microchip\xc8\v2.10\pic\sources\c90\common\fltol.c estimated size: 125

I2C.c
		_I2C_Master_Read		CODE           	0B29	0000	47
		_I2C_Master_Wait		CODE           	09BB	0000	14
		_I2C_Master_Stop		CODE           	09A8	0000	10
		_I2C_Master_RepeatedStart		CODE           	0996	0000	10
		_I2C_INIT      		CODE           	0B57	0000	57
		_I2C_Master_Write		CODE           	09B1	0000	11
		_I2C_Master_Start		CODE           	099F	0000	10

I2C.c estimated size: 159

C:\Program Files (x86)\Microchip\xc8\v2.10\pic\sources\c90\common\itoa.c
		_itoa          		CODE           	0A3B	0000	39
		_utoa          		CODE           	0D35	0000	115

C:\Program Files (x86)\Microchip\xc8\v2.10\pic\sources\c90\common\itoa.c estimated size: 154

C:\Program Files (x86)\Microchip\xc8\v2.10\pic\sources\c90\common\sprcmul.c
		___flmul       		CODE           	00C4	0000	866

C:\Program Files (x86)\Microchip\xc8\v2.10\pic\sources\c90\common\sprcmul.c estimated size: 866

C:\Program Files (x86)\Microchip\xc8\v2.10\pic\sources\c90\common\Umul8_16.c
		__Umul8_16     		CODE           	0A87	0000	40

C:\Program Files (x86)\Microchip\xc8\v2.10\pic\sources\c90\common\Umul8_16.c estimated size: 40

C:\Program Files (x86)\Microchip\xc8\v2.10\pic\sources\c90\common\__lldiv.c
		___lldiv       		CODE           	0C68	0000	103

C:\Program Files (x86)\Microchip\xc8\v2.10\pic\sources\c90\common\__lldiv.c estimated size: 103

C:\Program Files (x86)\Microchip\xc8\v2.10\pic\sources\c90\common\sprcdiv.c
		___fldiv       		CODE           	0E23	0000	478

C:\Program Files (x86)\Microchip\xc8\v2.10\pic\sources\c90\common\sprcdiv.c estimated size: 478

PANTALLALCD.c
		_lcd_cmd       		CODE           	09D7	0000	19
		_lcd_dwr       		CODE           	09E9	0000	19
		_lcd_lat       		CODE           	09C8	0000	16
		_inicializacion		CODE           	09FB	0000	32
		_lcd_ready     		CODE           	0AAE	0000	42
		_lcd_msg       		CODE           	0A61	0000	39

PANTALLALCD.c estimated size: 167

C:\Program Files (x86)\Microchip\xc8\v2.10\pic\sources\c90\common\strcat.c
		_strcat        		CODE           	0AD7	0000	42

C:\Program Files (x86)\Microchip\xc8\v2.10\pic\sources\c90\common\strcat.c estimated size: 42

C:\Program Files (x86)\Microchip\xc8\v2.10\pic\sources\c90\common\xxtofl.c
		___xxtofl      		CODE           	000A	0000	187

C:\Program Files (x86)\Microchip\xc8\v2.10\pic\sources\c90\common\xxtofl.c estimated size: 187

shared
		__stringtab    		STRING         	0800	0000	17
		__initialization		CODE           	07EB	0000	18

shared estimated size: 35

C:\Program Files (x86)\Microchip\xc8\v2.10\pic\sources\c90\common\strcpy.c
		_strcpy        		CODE           	0A1A	0000	34

C:\Program Files (x86)\Microchip\xc8\v2.10\pic\sources\c90\common\strcpy.c estimated size: 34

C:\Program Files (x86)\Microchip\xc8\v2.10\pic\sources\c90\common\lwmod.c
		___lwmod       		CODE           	0B8F	0000	59

C:\Program Files (x86)\Microchip\xc8\v2.10\pic\sources\c90\common\lwmod.c estimated size: 59

C:\Program Files (x86)\Microchip\xc8\v2.10\pic\sources\c90\common\awmod.c
		___awmod       		CODE           	0C0D	0000	92

C:\Program Files (x86)\Microchip\xc8\v2.10\pic\sources\c90\common\awmod.c estimated size: 92

MASTERR_I2C.c
		_main          		CODE           	0B00	0000	42
		_LOOP          		CODE           	0425	0000	967

MASTERR_I2C.c estimated size: 1009

