Microchip MPLAB XC8 Compiler V2.10 ()

Linker command line:

-W-3 --edf=C:\Program Files (x86)\Microchip\xc8\v2.10\pic\dat\en_msgs.txt \
  -cs -h+dist/default/production\TEMPERATURA_PIC.X.production.sym \
  --cmf=dist/default/production\TEMPERATURA_PIC.X.production.cmf -z -w9 \
  --disl=596:off --norlf -Q16F887 \
  -oC:\Users\50254\AppData\Local\Temp\sfjk.2 --defsym=__MPLAB_BUILD=1 \
  -Mdist/default/production/TEMPERATURA_PIC.X.production.map -E1 -ver=XC8 \
  --acfsm=1493 -ACODE=00h-07FFhx4 -ASTRCODE=00h-01FFFh -ASTRING=00h-0FFhx32 \
  -ACONST=00h-0FFhx32 -AENTRY=00h-0FFhx32 -ACOMMON=070h-07Fh \
  -ABANK0=020h-06Fh -ABANK1=0A0h-0EFh -ABANK2=0110h-016Fh \
  -ABANK3=0190h-01EFh -ARAM=020h-06Fh,0A0h-0EFh,0110h-016Fh,0190h-01EFh \
  -AABS1=020h-07Fh,0A0h-0EFh,0110h-016Fh,0190h-01EFh -ASFR0=00h-01Fh \
  -ASFR1=080h-09Fh -ASFR2=0100h-010Fh -ASFR3=0180h-018Fh \
  -preset_vec=00h,intentry,init,end_init -ppowerup=CODE -pcinit=CODE \
  -pfunctab=ENTRY -ACONFIG=02007h-02008h -pconfig=CONFIG -DCONFIG=2 \
  -AIDLOC=02000h-02003h -pidloc=IDLOC -DIDLOC=2 -AEEDATA=00h-0FFh/02100h \
  -peeprom_data=EEDATA -DEEDATA=2 -DCODE=2 -DSTRCODE=2 -DSTRING=2 -DCONST=2 \
  -DENTRY=2 -k C:\Users\50254\AppData\Local\Temp\sfjk.o \
  dist/default/production\TEMPERATURA_PIC.X.production.o 

Object code version is 3.11

Machine type is 16F887



                Name                               Link     Load   Length Selector   Space Scale
C:\Users\50254\AppData\Local\Temp\sfjk.o
                end_init                              0        0        4        0       0
dist/default/production\TEMPERATURA_PIC.X.production.o
                cinit                               7F3      7F3        D      FE6       0
                text11                              40B      40B       20      816       0
                text10                              4D4      4D4       42      9A8       0
                text9                               3F0      3F0       1B      7E0       0
                text8                               5B3      5B3       67      B66       0
                text7                               55A      55A       59      AB4       0
                text6                               516      516       44      A2C       0
                text5                               49A      49A       3A      934       0
                text4                               61A      61A       72      C34       0
                text3                               44B      44B       26      896       0
                text2                               471      471       29      8E2       0
                text1                               68C      68C      167      D18       0
                maintext                            42B      42B       20      856       0
                cstackBANK0                          4B       4B       12       20       1
                cstackCOMMON                         70       70        E       70       1
                clrtext                             3E8      3E8        8      7D0       0
                bssBANK0                             20       20       2B       20       1
                strings                               4        4       2E        8       0

TOTAL           Name                               Link     Load   Length     Space
        CLASS   CODE           
                end_init                              0        0        4         0
                cinit                               7F3      7F3        D         0
                text11                              40B      40B       20         0
                text10                              4D4      4D4       42         0
                text9                               3F0      3F0       1B         0
                text8                               5B3      5B3       67         0
                text7                               55A      55A       59         0
                text6                               516      516       44         0
                text5                               49A      49A       3A         0
                text4                               61A      61A       72         0
                text3                               44B      44B       26         0
                text2                               471      471       29         0
                text1                               68C      68C      167         0
                maintext                            42B      42B       20         0
                clrtext                             3E8      3E8        8         0

        CLASS   STRCODE        

        CLASS   STRING         
                strings                               4        4       2E         0

        CLASS   CONST          

        CLASS   ENTRY          

        CLASS   COMMON         
                cstackCOMMON                         70       70        E         1

        CLASS   BANK0          
                cstackBANK0                          4B       4B       12         1
                bssBANK0                             20       20       2B         1

        CLASS   BANK1          

        CLASS   BANK2          

        CLASS   BANK3          

        CLASS   RAM            

        CLASS   ABS1           
                abs_s1                               7E       7E        2         1

        CLASS   SFR0           

        CLASS   SFR1           

        CLASS   SFR2           

        CLASS   SFR3           

        CLASS   CONFIG         

        CLASS   IDLOC          

        CLASS   EEDATA         

        CLASS   STACK          



SEGMENTS        Name                           Load    Length   Top    Selector   Space  Class     Delta

                reset_vec                      000000  000004  000004         0       0  CODE        2
                strings                        000004  00002E  000032         8       0  STRING      2
                bssBANK0                       000020  00003D  00005D        20       1  BANK0       1
                cstackCOMMON                   000070  00000E  00007E        70       1  COMMON      1
                clrtext                        0003E8  000008  0003F0       7D0       0  CODE        2
                text9                          0003F0  00001B  00040B       7E0       0  CODE        2
                text11                         00040B  000020  00042B       816       0  CODE        2
                maintext                       00042B  000020  00044B       856       0  CODE        2
                text3                          00044B  000026  000471       896       0  CODE        2
                text2                          000471  000029  00049A       8E2       0  CODE        2
                text5                          00049A  00003A  0004D4       934       0  CODE        2
                text10                         0004D4  000042  000516       9A8       0  CODE        2
                text6                          000516  000044  00055A       A2C       0  CODE        2
                text7                          00055A  000059  0005B3       AB4       0  CODE        2
                text8                          0005B3  000067  00061A       B66       0  CODE        2
                text4                          00061A  000072  00068C       C34       0  CODE        2
                text1                          00068C  000167  0007F3       D18       0  CODE        2
                cinit                          0007F3  00000D  000800       FE6       0  CODE        2


UNUSED ADDRESS RANGES

        Name                Unused          Largest block    Delta
        BANK0            005D-006F             13           1
        BANK1            00A0-00EF             50           1
        BANK2            0110-016F             60           1
        BANK3            0190-01EF             60           1
        CODE             0032-03E7            3B6           2
                         0800-1FFF            800
        CONFIG           2007-2008              2           2
        CONST            0032-03E7            100           2
                         0800-1FFF            100
        EEDATA           2100-21FF            100           2
        ENTRY            0032-03E7            100           2
                         0800-1FFF            100
        IDLOC            2000-2003              4           2
        RAM              005D-006F             13           1
                         00A0-00EF             50
                         0110-016F             60
                         0190-01EF             60
        SFR0             0000-001F             20           1
        SFR1             0080-009F             20           1
        SFR2             0100-010F             10           1
        SFR3             0180-018F             10           1
        STRCODE          0032-03E7            3B6           2
                         0800-1FFF           1800
        STRING           0032-03E7            100           2
                         0800-1FFF            100

                                  Symbol Table

__CFG_BOR4V$BOR40V       (abs)        0000
__CFG_BOREN$OFF          (abs)        0000
__CFG_CP$OFF             (abs)        0000
__CFG_CPD$OFF            (abs)        0000
__CFG_FCMEN$OFF          (abs)        0000
__CFG_FOSC$HS            (abs)        0000
__CFG_IESO$OFF           (abs)        0000
__CFG_LVP$OFF            (abs)        0000
__CFG_MCLRE$OFF          (abs)        0000
__CFG_PWRTE$OFF          (abs)        0000
__CFG_WDTE$OFF           (abs)        0000
__CFG_WRT$OFF            (abs)        0000
__Habs1                  abs1         0000
__Hbank0                 bank0        0000
__Hbank1                 bank1        0000
__Hbank2                 bank2        0000
__Hbank3                 bank3        0000
__HbssBANK0              bssBANK0     0000
__Hclrtext               clrtext      0000
__Hcode                  code         0000
__Hcommon                common       0000
__Hconfig                config       0000
__HcstackBANK0           cstackBANK0  0000
__HcstackCOMMON          cstackCOMMON 0000
__Heeprom_data           eeprom_data  0000
__Hfunctab               functab      0000
__Hidloc                 idloc        0000
__Hinit                  init         0000
__Hintentry              intentry     0000
__Hmaintext              maintext     0000
__Hpowerup               powerup      0000
__Hram                   ram          0000
__Hreset_vec             reset_vec    0000
__Hsfr0                  sfr0         0000
__Hsfr1                  sfr1         0000
__Hsfr2                  sfr2         0000
__Hsfr3                  sfr3         0000
__Hspace_2               (abs)        0000
__Hspace_3               (abs)        0000
__Hstack                 stack        0000
__Hstrings               strings      0000
__Htext                  text         0000
__Labs1                  abs1         0000
__Lbank0                 bank0        0000
__Lbank1                 bank1        0000
__Lbank2                 bank2        0000
__Lbank3                 bank3        0000
__LbssBANK0              bssBANK0     0000
__Lclrtext               clrtext      0000
__Lcode                  code         0000
__Lcommon                common       0000
__Lconfig                config       0000
__LcstackBANK0           cstackBANK0  0000
__LcstackCOMMON          cstackCOMMON 0000
__Leeprom_data           eeprom_data  0000
__Lend_init              end_init     0000
__Lfunctab               functab      0000
__Lidloc                 idloc        0000
__Linit                  init         0000
__Lintentry              intentry     0000
__Lmaintext              maintext     0000
__Lpowerup               powerup      0000
__Lram                   ram          0000
__Lreset_vec             reset_vec    0000
__Lsfr0                  sfr0         0000
__Lsfr1                  sfr1         0000
__Lsfr2                  sfr2         0000
__Lsfr3                  sfr3         0000
__Lspace_0               (abs)        0000
__Lspace_1               (abs)        0000
__Lspace_2               (abs)        0000
__Lspace_3               (abs)        0000
__Lstack                 stack        0000
__Lstrings               strings      0000
__Ltext                  text         0000
__S3                     (abs)        0000
___int_sp                stack        0000
___sp                    stack        0000
___stackhi               (abs)        0000
___stacklo               (abs)        0000
__size_of_CHECK_RESPONSE (abs)        0000
__size_of_LOOP           (abs)        0000
__size_of_ReadData       (abs)        0000
__size_of_START_DHT11    (abs)        0000
__size_of___awdiv        (abs)        0000
__size_of___awmod        (abs)        0000
__size_of___lwdiv        (abs)        0000
__size_of___lwmod        (abs)        0000
__size_of_itoa           (abs)        0000
__size_of_main           (abs)        0000
__size_of_strcat         (abs)        0000
__size_of_utoa           (abs)        0000
_inicializacion                           
_lcd_cmd                                  
_lcd_msg                                  
intlevel0                functab      0000
intlevel1                functab      0000
intlevel2                functab      0000
intlevel3                functab      0000
intlevel4                functab      0000
intlevel5                functab      0000
reset_vec                reset_vec    0000
start                    init         0000
___latbits               (abs)        0002
_PORTA                   (abs)        0005
_PORTB                   (abs)        0006
_PORTC                   (abs)        0007
_PORTD                   (abs)        0008
_PORTDbits               (abs)        0008
__Hend_init              end_init     0004
__pstrings               strings      0004
__stringtab              strings      0004
_PORTE                   (abs)        0009
__stringbase             strings      0009
__end_of__stringtab      strings      000A
__pbssBANK0              bssBANK0     0020
_sum                     bssBANK0     0020
_decHR                   bssBANK0     002A
_uniHR                   bssBANK0     002C
_decT                    bssBANK0     002E
_uniT                    bssBANK0     0030
_RH_byte2                bssBANK0     0032
_RH_byte1                bssBANK0     0033
_T_byte2                 bssBANK0     0034
_T_byte1                 bssBANK0     0035
_check                   bssBANK0     0036
_decHR_char              bssBANK0     0037
_uniHR_char              bssBANK0     003C
_decT_char               bssBANK0     0041
_uniT_char               bssBANK0     0046
__pcstackBANK0           cstackBANK0  004B
utoa@v                   cstackBANK0  004B
utoa@c                   cstackBANK0  004D
utoa@buf                 cstackBANK0  004E
itoa@val                 cstackBANK0  004F
itoa@base                cstackBANK0  0051
itoa@buf                 cstackBANK0  0054
?___awdiv                cstackCOMMON 0070
?___awmod                cstackCOMMON 0070
?___lwdiv                cstackCOMMON 0070
?___lwmod                cstackCOMMON 0070
___awdiv@divisor         cstackCOMMON 0070
___awmod@divisor         cstackCOMMON 0070
___lwdiv@divisor         cstackCOMMON 0070
___lwmod@divisor         cstackCOMMON 0070
__pcstackCOMMON          cstackCOMMON 0070
_lcd_msg$0               cstackCOMMON 0070
strcat@from              cstackCOMMON 0070
ReadData@i               cstackCOMMON 0072
___awdiv@dividend        cstackCOMMON 0072
___awmod@dividend        cstackCOMMON 0072
___lwdiv@dividend        cstackCOMMON 0072
___lwmod@dividend        cstackCOMMON 0072
strcat@to                cstackCOMMON 0072
ReadData@j               cstackCOMMON 0073
strcat@cp                cstackCOMMON 0073
___awdiv@counter         cstackCOMMON 0075
___awmod@counter         cstackCOMMON 0075
___lwdiv@quotient        cstackCOMMON 0075
___lwmod@counter         cstackCOMMON 0075
___awdiv@sign            cstackCOMMON 0076
___awmod@sign            cstackCOMMON 0076
___awdiv@quotient        cstackCOMMON 0077
___lwdiv@counter         cstackCOMMON 0077
__Hspace_1               (abs)        007E
__S1                     (abs)        007E
btemp                    (abs)        007E
_TRISA                   (abs)        0085
_TRISB                   (abs)        0086
_TRISC                   (abs)        0087
_TRISD                   (abs)        0088
_TRISDbits               (abs)        0088
_TRISE                   (abs)        0089
_ANSEL                   (abs)        0188
_ANSELH                  (abs)        0189
clear_ram0               clrtext      03E8
_START_DHT11             text9        03F0
__ptext9                 text9        03F0
__Hspace_0               (abs)        0800
__S0                     (abs)        0800
_CHECK_RESPONSE          text11       040B
__end_of_START_DHT11     text9        040B
__ptext11                text11       040B
__end_of_CHECK_RESPONSE  text11       042B
__pmaintext              maintext     042B
_main                    maintext     042B
__end_of_main            maintext     044B
__ptext3                 text3        044B
_itoa                    text3        044B
__end_of_itoa            text3        0471
__ptext2                 text2        0471
_strcat                  text2        0471
___lwmod                 text5        049A
__end_of_strcat          text2        049A
__ptext5                 text5        049A
_ReadData                text10       04D4
__end_of___lwmod         text5        04D4
__ptext10                text10       04D4
___lwdiv                 text6        0516
__end_of_ReadData        text10       0516
__ptext6                 text6        0516
___awmod                 text7        055A
__end_of___lwdiv         text6        055A
__ptext7                 text7        055A
___awdiv                 text8        05B3
__end_of___awmod         text7        05B3
__ptext8                 text8        05B3
__end_of___awdiv         text8        061A
__ptext4                 text4        061A
_utoa                    text4        061A
_LOOP                    text1        068C
__end_of_utoa            text4        068C
__ptext1                 text1        068C
__Lcinit                 cinit        07F3
__end_of_LOOP            text1        07F3
__initialization         cinit        07F3
__end_of__initialization cinit        07FC
__Hcinit                 cinit        0800
end_of_initialization    cinit        07FC
start_initialization     cinit        07F3
utoa@val                 cstackCOMMON 0078
utoa@base                cstackCOMMON 007A
wtemp0                   (abs)        007E
